../Core/Inc/debug.h:10:20:DBG_PUT	8	static
../Core/Src/arducam.c:9:6:arducam_delay_ms	8	static
../Core/Src/arducam.c:55:6:arducam_raw_init	16	static
../Core/Src/arducam.c:13:6:Arduino_init	24	static
../Core/Src/arducam.c:72:6:arducam_get_resolution	32	static
../Core/Src/arducam.c:89:5:arducam_set_resolution	8	static
../Core/Src/arducam.c:161:6:arducam_wait_for_ready	16	static
../Core/Src/arducam.c:179:9:read_reg	8	static
../Core/Src/arducam.c:185:6:write_reg	8	static
../Core/Src/arducam.c:189:9:read_fifo	8	static
../Core/Src/arducam.c:196:6:flush_fifo	8	static
../Core/Src/arducam.c:201:6:start_capture	8	static
../Core/Src/arducam.c:206:6:clear_fifo_flag	8	static
../Core/Src/arducam.c:211:6:set_test_mode	8	static
../Core/Src/arducam.c:217:10:read_fifo_length	16	static
../Core/Src/arducam.c:228:6:set_bit	16	static
../Core/Src/arducam.c:236:6:clear_bit	16	static
../Core/Src/arducam.c:244:9:get_bit	8	static
../Core/Src/arducam.c:252:6:arducam_set_saturation	16	static
../Core/Src/arducam.c:259:5:arducam_get_saturation	16	static
../Core/Src/arducam.c:265:6:hex_2_ascii	0	static
../Core/Src/arducam.c:464:6:SingleCapTransfer	248	static
