../Core/Src/INA231.c:10:10:get_configuration	8	static
../Core/Src/INA231.c:15:6:set_configuration	8	static
../Core/Src/INA231.c:20:10:get_shunt_voltage	8	static
../Core/Src/INA231.c:25:10:get_bus_voltage	8	static
../Core/Src/INA231.c:30:10:get_power	8	static
../Core/Src/INA231.c:35:10:get_current	8	static
../Core/Src/INA231.c:40:10:get_calibration	8	static
../Core/Src/INA231.c:44:6:set_calibration	8	static
../Core/Src/INA231.c:49:10:get_enable	8	static
../Core/Src/INA231.c:54:6:set_enable	8	static
../Core/Src/INA231.c:59:10:get_alert_limit	8	static
../Core/Src/INA231.c:64:6:set_alert_limit	8	static
